<html>
<body>
<pre>
<h1>礦ision Build Log</h1>
<h2>Tool Versions:</h2>
IDE-Version: μVision V5.21.1.0
Copyright (C) 2016 ARM Ltd and ARM Germany GmbH. All rights reserved.
License Information: LIU YIXUAN, YIOINGHAOXUAN, LIC=X96CX-HMN7Y-301NC-7TJZL-0PQ1H-SDZ8V
 
Tool Versions:
Toolchain:       MDK-ARM Plus  Version: 5.21a
Toolchain Path:  D:\ARM\ARMCC\Bin
C Compiler:      Armcc.exe V5.06 update 3 (build 300)
Assembler:       Armasm.exe V5.06 update 3 (build 300)
Linker/Locator:  ArmLink.exe V5.06 update 3 (build 300)
Library Manager: ArmAr.exe V5.06 update 3 (build 300)
Hex Converter:   FromElf.exe V5.06 update 3 (build 300)
CPU DLL:         SARMCM3.DLL V5.21a
Dialog DLL:      DARMSTM.DLL V1.66.0.1
Target DLL:      STLink\ST-LINKIII-KEIL_SWO.dll V2.0.18.0
Dialog DLL:      TARMSTM.DLL V1.65.0.0
 
<h2>Project:</h2>
D:\arm keil\【正点原子】MiniSTM32F103开发板\【正点原子】MiniSTM32开发板资料-A盘\4，程序源码\4，程序源码\2，标准例程-V3.5库函数版本\ALIENTEK MINISTM32 实验2 按键实验\USER\KEY.uvprojx
Project File Date:  12/21/2021

<h2>Output:</h2>
*** Using Compiler 'V5.06 update 3 (build 300)', folder: 'D:\ARM\ARMCC\Bin'
Rebuild target 'KEY'
assembling startup_stm32f10x_hd.s...
compiling led.c...
compiling main.c...
compiling key.c...
compiling core_cm3.c...
compiling delay.c...
compiling usart.c...
compiling system_stm32f10x.c...
compiling stm32f10x_it.c...
compiling stm32f10x_gpio.c...
compiling sys.c...
compiling stm32f10x_rcc.c...
compiling misc.c...
compiling stm32f10x_usart.c...
linking...
Program Size: Code=4888 RO-data=336 RW-data=56 ZI-data=1832  
FromELF: creating hex file...
"..\OBJ\KEY.axf" - 0 Error(s), 0 Warning(s).

<h2>Collection of Component include folders:</h2>
  D:\arm keil\【正点原子】MiniSTM32F103开发板\【正点原子】MiniSTM32开发板资料-A盘\4，程序源码\4，程序源码\2，标准例程-V3.5库函数版本\ALIENTEK MINISTM32 实验2 按键实验\USER\RTE
  D:\ARM\PACK\Keil\STM32F1xx_DFP\2.2.0\Device\Include

<h2>Collection of Component Files used:</h2>
Build Time Elapsed:  00:00:01
</pre>
</body>
</html>
